sudo
findutils
acct
alpine-base
alpine-baselayout
alpine-conf
alpine-keys
apk-tools
argon2-libs
bash
blkid
brotli-libs
busybox
busybox-suid
ca-certificates
ca-certificates-bundle
cfdisk
chrony
chrony-openrc
cifs-utils
cloud-utils-growpart
containerd
containerd-openrc
cryptsetup-libs
curl
device-mapper-libs
docker
docker-cli
docker-compose
docker-engine
docker-openrc
docker-py
e2fsprogs
e2fsprogs-extra
e2fsprogs-libs
expat
fts
fuse
fuse-common
fuse-openrc
gdbm
glib
gmp
gnutls
ifupdown-ng
ifupdown-ng-iproute2
ifupdown-ng-wireguard
ip6tables
ip6tables-openrc
iproute2
iproute2-minimal
iproute2-ss
iproute2-tc
iptables
iptables-openrc
jq
json-c
keyutils-libs
kmod
kmod-libs
krb5-conf
krb5-libs
lddtree
libblkid
libbz2
libc-utils
libcap
libcom_err
libcurl
libedit
libelf
libevent
libfdisk
libffi
libgcc
libintl
libmnl
libmount
libnfsidmap
libnftnl
libnl3
libretls
libseccomp
libsmartcols
libstdc++
libtasn1
libtirpc
libtirpc-conf
libunistring
libuuid
libverto
libwbclient
libxml2
linux-virt
lsblk
mkinitfs
mpdecimal
mtools
musl
musl-utils
nano
nbd
nbd-openrc
ncurses-libs
ncurses-terminfo-base
nettle
nfs-utils
nfs-utils-openrc
nghttp2-libs
oniguruma
openrc
openresolv
openssh
openssh-client-common
openssh-client-default
openssh-keygen
openssh-server
openssh-server-common
openssh-sftp-server
openssl
p11-kit
parted
partx
pcre
pcre2
php
php83-common 
php83-json 
php83-pcntl 
php83-pdo 
php83-pdo_sqlite
py3-appdirs
py3-asn1
py3-asn1crypto
py3-attrs
py3-bcrypt
py3-cached-property
py3-certifi
py3-cffi
py3-chardet
py3-charset-normalizer
py3-cparser
py3-cryptography
py3-distro
py3-dockerpty
py3-docopt
py3-dotenv
py3-idna
py3-ipaddress
py3-jsonschema
py3-ordered-set
py3-packaging
py3-paramiko
py3-parsing
py3-pynacl
py3-pyrsistent
py3-pysocks
py3-requests
py3-setuptools
py3-six
py3-texttable
py3-urllib3
py3-websocket-client
py3-yaml
python3
readline
rpcbind
rpcbind-openrc
runc
samba-util-libs
scanelf
sfdisk
sqlite
sqlite-libs
ssl_client
sudo
syslinux
talloc
tevent
tini-static
tzdata
wireguard-tools
wireguard-tools-wg
wireguard-tools-wg-quick
xe-guest-utilities
xe-guest-utilities-openrc
xz-libs
yaml
zlib
zstd-libs
